// Jest Snapshot v1, https://goo.gl/fbAQLP

exports[`rn store type returns appState 1`] = `undefined`;

exports[`rn store type returns appState 2`] = `undefined`;

exports[`rn store type returns appState 3`] = `undefined`;

exports[`rn store type returns appState 4`] = `"string"`;

exports[`rn store type returns appState 5`] = `"background"`;

exports[`rn store type returns nodeOnline 1`] = `"boolean"`;

exports[`rn store type returns nodeOnline 2`] = `true`;

exports[`rn store type returns nodeOnline 3`] = `"object"`;

exports[`rn store type returns nodeOnline 4`] = `
Object {
  "state": "creating",
}
`;
