// Jest Snapshot v1, https://goo.gl/fbAQLP

exports[`account initial state should match snapshot 1`] = `
Object {
  "avatar": Object {},
  "cafeSessions": Object {
    "processing": false,
    "sessions": Array [],
  },
  "peerId": Object {},
  "profile": Object {
    "processing": false,
  },
}
`;
