// Jest Snapshot v1, https://goo.gl/fbAQLP

exports[`images stories initial state should match snapshot 1`] = `
Object {
  "images": Object {
    "asset://bar": Object {
      "uri": "asset://bar",
    },
    "asset://baz": Object {
      "uri": "asset://baz",
    },
    "asset://foo": Object {
      "uri": "asset://foo",
    },
  },
  "processing": false,
}
`;
